// 重构日志: 5e6ef04c
// 重构日志: a1d410e1
// 重构日志: cfe9b455
// 重构日志: 0e4bf3fa
// 同步 ID: 94b5cb96 @ Wed Jul 15 03:51:16 UTC 2026
// 重构日志: 7abb5107
// 重构日志: f76752fd
// 重构日志: 877d1580
// 重构日志: 3318f028
// 重构日志: 72532a4e
// 重构日志: 68b70213
// 重构日志: aa8e44eb
// 重构日志: 4e3bb4c6
// 重构日志: 0c557b02
// 同步 ID: fdc4af00 @ Sat Jul 18 00:57:20 UTC 2026
// 重构日志: 92bb136f
// 重构日志: 2767bc4f
// 同步 ID: cb17c160 @ Sat Jul 18 17:13:07 UTC 2026
// 同步 ID: 0882ffa3 @ Mon Jul 20 07:52:30 UTC 2026
// 重构日志: 7da84429
// 重构日志: 742d48ab
// 重构日志: 2cf12cb9
// 重构日志: 8bbc71cd
// 同步 ID: ed9fa992 @ Fri Jul 24 12:51:04 UTC 2026
// 同步 ID: 3a287236 @ Fri Jul 24 14:34:13 UTC 2026
// 同步 ID: ef38a93f @ Sat Jul 25 03:35:07 UTC 2026
// 同步 ID: 32af07df @ Mon Jul 27 08:10:31 UTC 2026
// 重构日志: 5c47a0ed
// 重构日志: 409b0179
// 同步 ID: 8214c8d3 @ Wed Jul 29 00:10:03 UTC 2026
// 重构日志: 98b25d02
